
> pulseboard@0.1.0 build
> next build

Γû▓ Next.js 16.2.1 (Turbopack)
- Environments: .env.local

node.exe : ΓÜá The 
"middleware" file convention 
is deprecated. Please use 
"proxy" instead. Learn more: 
https://nextjs.org/docs/messa
ges/middleware-to-proxy
At line:1 char:1
+ & "C:\Program 
Files\nodejs/node.exe" 
"C:\Program 
Files\nodejs/node_mo ...
+ ~~~~~~~~~~~~~~~~~~~~~~~~~~~
~~~~~~~~~~~~~~~~~~~~~~~~~~~~~
~~~~~~~~~~~~~
    + CategoryInfo           
   : NotSpecified: (ΓÜá The  
   "middle...leware-to-pro   
 xy:String) [], RemoteExc    
eption
    + FullyQualifiedErrorId  
   : NativeCommandError
 
  Creating an optimized production build ...
Γ£ô Compiled successfully in 5.1s
  Running TypeScript ...
  Finished TypeScript in 7.4s ...
  Collecting page data using 9 workers ...
  Generating static pages using 9 workers (0/6) ...
  Generating static pages using 9 workers (1/6) 
ΓÜá metadataBase property in 
metadata export is not set 
for resolving social open 
graph or twitter images, 
using 
"http://localhost:3000". See 
https://nextjs.org/docs/app/a
pi-reference/functions/genera
te-metadata#metadatabase
ΓÜá Unsupported metadata 
viewport is configured in 
metadata export in 
/_not-found. Please move it 
to viewport export instead.
Read more: https://nextjs.org
/docs/app/api-reference/funct
ions/generate-viewport
ΓÜá Unsupported metadata 
themeColor is configured in 
metadata export in 
/_not-found. Please move it 
to viewport export instead.
Read more: https://nextjs.org
/docs/app/api-reference/funct
ions/generate-viewport
ΓÜá Unsupported metadata 
viewport is configured in 
metadata export in 
/dashboard. Please move it 
to viewport export instead.
Read more: https://nextjs.org
/docs/app/api-reference/funct
ions/generate-viewport
ΓÜá Unsupported metadata 
themeColor is configured in 
metadata export in 
/dashboard. Please move it 
to viewport export instead.
Read more: https://nextjs.org
/docs/app/api-reference/funct
ions/generate-viewport
ΓÜá Unsupported metadata 
viewport is configured in 
metadata export in /. Please 
move it to viewport export 
instead.
Read more: https://nextjs.org
/docs/app/api-reference/funct
ions/generate-viewport
ΓÜá Unsupported metadata 
themeColor is configured in 
metadata export in /. Please 
move it to viewport export 
instead.
Read more: https://nextjs.org
/docs/app/api-reference/funct
ions/generate-viewport
  Generating static pages using 9 workers (2/6) 
  Generating static pages using 9 workers (4/6) 
Γ£ô Generating static pages using 9 workers (6/6) in 803ms
  Finalizing page optimization ...

Route (app)
Γöî Γùï /
Γö£ Γùï /_not-found
Γö£ ╞Æ /api/webhooks/clerk
Γö£ Γùï /dashboard
Γö£ ╞Æ /u/[username]
Γöö ╞Æ /user-profile/[[...user-profile]]


╞Æ Proxy (Middleware)

Γùï  (Static)   prerendered as static content
╞Æ  (Dynamic)  server-rendered on demand

